2026-01-25 20:46:42 [TestNG-tests-1] DEBUG org.apache.poi.openxml4j.opc.PackageRelationshipCollection - Parsing relationship: /xl/worksheets/_rels/sheet1.xml.rels
2026-01-25 20:46:42 [TestNG-tests-1] DEBUG org.apache.poi.openxml4j.opc.PackageRelationshipCollection - Parsing relationship: /_rels/.rels
2026-01-25 20:46:42 [TestNG-tests-1] DEBUG org.apache.poi.openxml4j.opc.PackageRelationshipCollection - Parsing relationship: /xl/_rels/workbook.xml.rels
2026-01-25 20:46:42 [TestNG-tests-1] DEBUG org.apache.poi.openxml4j.opc.PackageRelationshipCollection - Parsing relationship: /xl/worksheets/_rels/sheet1.xml.rels
2026-01-25 20:46:42 [TestNG-tests-1] DEBUG org.apache.poi.openxml4j.opc.PackageRelationshipCollection - Parsing relationship: /_rels/.rels
2026-01-25 20:46:42 [TestNG-tests-1] DEBUG org.apache.poi.openxml4j.opc.PackageRelationshipCollection - Parsing relationship: /xl/_rels/workbook.xml.rels
2026-01-25 20:46:42 [TestNG-tests-1] DEBUG org.apache.poi.openxml4j.opc.PackageRelationshipCollection - Parsing relationship: /xl/worksheets/_rels/sheet1.xml.rels
2026-01-25 20:46:42 [TestNG-tests-1] DEBUG org.apache.poi.openxml4j.opc.PackageRelationshipCollection - Parsing relationship: /_rels/.rels
2026-01-25 20:46:42 [TestNG-tests-1] DEBUG org.apache.poi.openxml4j.opc.PackageRelationshipCollection - Parsing relationship: /xl/_rels/workbook.xml.rels
2026-01-25 20:46:42 [TestNG-tests-1] DEBUG org.apache.poi.openxml4j.opc.PackageRelationshipCollection - Parsing relationship: /xl/worksheets/_rels/sheet1.xml.rels
2026-01-25 20:46:42 [TestNG-tests-1] DEBUG org.apache.poi.openxml4j.opc.PackageRelationshipCollection - Parsing relationship: /_rels/.rels
2026-01-25 20:46:42 [TestNG-tests-1] DEBUG org.apache.poi.openxml4j.opc.PackageRelationshipCollection - Parsing relationship: /xl/_rels/workbook.xml.rels
2026-01-25 20:46:42 [TestNG-tests-1] DEBUG org.apache.poi.openxml4j.opc.PackageRelationshipCollection - Parsing relationship: /xl/worksheets/_rels/sheet1.xml.rels
2026-01-25 20:46:42 [TestNG-tests-1] DEBUG org.apache.poi.openxml4j.opc.PackageRelationshipCollection - Parsing relationship: /_rels/.rels
2026-01-25 20:46:43 [TestNG-tests-1] DEBUG org.apache.poi.openxml4j.opc.PackageRelationshipCollection - Parsing relationship: /xl/_rels/workbook.xml.rels
2026-01-25 20:46:43 [TestNG-tests-1] DEBUG org.apache.poi.openxml4j.opc.PackageRelationshipCollection - Parsing relationship: /xl/worksheets/_rels/sheet1.xml.rels
2026-01-25 20:46:43 [TestNG-tests-1] DEBUG org.apache.poi.openxml4j.opc.PackageRelationshipCollection - Parsing relationship: /_rels/.rels
2026-01-25 20:46:43 [TestNG-tests-1] DEBUG org.apache.poi.openxml4j.opc.PackageRelationshipCollection - Parsing relationship: /xl/_rels/workbook.xml.rels
2026-01-25 20:46:43 [TestNG-tests-1] DEBUG org.apache.poi.openxml4j.opc.PackageRelationshipCollection - Parsing relationship: /xl/worksheets/_rels/sheet1.xml.rels
2026-01-25 20:46:43 [TestNG-tests-1] DEBUG org.apache.poi.openxml4j.opc.PackageRelationshipCollection - Parsing relationship: /_rels/.rels
2026-01-25 20:46:43 [TestNG-tests-1] INFO  TestCase.TC003_LoginTestDDT - Starting TC003_LoginTestDDT
2026-01-25 20:46:44 [TestNG-tests-1] INFO  TestCase.TC003_LoginTestDDT - Login test passed
2026-01-25 20:46:44 [TestNG-tests-1] INFO  TestCase.TC003_LoginTestDDT - Finished TC003_LoginTestDDT
2026-01-25 20:46:44 [TestNG-tests-1] INFO  TestCase.TC003_LoginTestDDT - Starting TC003_LoginTestDDT
2026-01-25 20:46:55 [TestNG-tests-1] INFO  TestCase.TC003_LoginTestDDT - Login test passed
2026-01-25 20:46:55 [TestNG-tests-1] INFO  TestCase.TC003_LoginTestDDT - Finished TC003_LoginTestDDT
2026-01-25 20:46:55 [TestNG-tests-1] INFO  TestCase.TC003_LoginTestDDT - Starting TC003_LoginTestDDT
2026-01-25 20:47:05 [TestNG-tests-1] INFO  TestCase.TC003_LoginTestDDT - Login test passed
2026-01-25 20:47:05 [TestNG-tests-1] INFO  TestCase.TC003_LoginTestDDT - Finished TC003_LoginTestDDT
2026-01-25 20:47:05 [TestNG-tests-1] INFO  TestCase.TC003_LoginTestDDT - Starting TC003_LoginTestDDT
2026-01-25 20:47:15 [TestNG-tests-1] INFO  TestCase.TC003_LoginTestDDT - Login test passed
2026-01-25 20:47:15 [TestNG-tests-1] INFO  TestCase.TC003_LoginTestDDT - Finished TC003_LoginTestDDT
2026-01-25 20:47:15 [TestNG-tests-1] INFO  TestCase.TC003_LoginTestDDT - Starting TC003_LoginTestDDT
2026-01-25 20:47:25 [TestNG-tests-1] INFO  TestCase.TC003_LoginTestDDT - Login test passed
2026-01-25 20:47:25 [TestNG-tests-1] INFO  TestCase.TC003_LoginTestDDT - Finished TC003_LoginTestDDT
